Archive member included to satisfy reference by file (symbol)

c:/program files (x86)/atmel/studio/7.0/toolchain/avr8/avr8-gnu-toolchain/bin/../lib/gcc/avr/4.9.2/avr5\libgcc.a(_udivmodsi4.o)
                              src/ADC.o (__udivmodsi4)
c:/program files (x86)/atmel/studio/7.0/toolchain/avr8/avr8-gnu-toolchain/bin/../lib/gcc/avr/4.9.2/avr5\libgcc.a(_divmodsi4.o)
                              src/uart.o (__divmodsi4)
c:/program files (x86)/atmel/studio/7.0/toolchain/avr8/avr8-gnu-toolchain/bin/../lib/gcc/avr/4.9.2/avr5\libgcc.a(_negsi2.o)
                              c:/program files (x86)/atmel/studio/7.0/toolchain/avr8/avr8-gnu-toolchain/bin/../lib/gcc/avr/4.9.2/avr5\libgcc.a(_divmodsi4.o) (__negsi2)
c:/program files (x86)/atmel/studio/7.0/toolchain/avr8/avr8-gnu-toolchain/bin/../lib/gcc/avr/4.9.2/avr5\libgcc.a(_exit.o)
                              C:/Program Files (x86)/Atmel/Studio/7.0/Packs/atmel/ATmega_DFP/1.0.106/gcc/dev/atmega32m1/avr5/crtatmega32m1.o (exit)
c:/program files (x86)/atmel/studio/7.0/toolchain/avr8/avr8-gnu-toolchain/bin/../lib/gcc/avr/4.9.2/avr5\libgcc.a(_copy_data.o)
                              src/ADC.o (__do_copy_data)
c:/program files (x86)/atmel/studio/7.0/toolchain/avr8/avr8-gnu-toolchain/bin/../lib/gcc/avr/4.9.2/avr5\libgcc.a(_clear_bss.o)
                              src/ds18b20.o (__do_clear_bss)
c:/program files (x86)/atmel/studio/7.0/toolchain/avr8/avr8-gnu-toolchain/bin/../lib/gcc/avr/4.9.2/avr5\libgcc.a(_umulhisi3.o)
                              src/ADC.o (__umulhisi3)
c:/program files (x86)/atmel/studio/7.0/toolchain/avr8/avr8-gnu-toolchain/bin/../lib/gcc/avr/4.9.2/avr5\libgcc.a(_usmulhisi3.o)
                              src/ADC.o (__usmulhisi3)
c:/program files (x86)/atmel/studio/7.0/toolchain/avr8/avr8-gnu-toolchain/bin/../lib/gcc/avr/4.9.2/../../../../avr/lib/avr5\libc.a(iob.o)
                              src/main.o (__iob)
C:/Program Files (x86)/Atmel/Studio/7.0/Packs/atmel/ATmega_DFP/1.0.106/gcc/dev/atmega32m1/avr5\libatmega32m1.a(eerd_block.o)
                              src/EEPROM.o (eeprom_read_block)
C:/Program Files (x86)/Atmel/Studio/7.0/Packs/atmel/ATmega_DFP/1.0.106/gcc/dev/atmega32m1/avr5\libatmega32m1.a(eewr_block.o)
                              src/EEPROM.o (eeprom_write_block)
C:/Program Files (x86)/Atmel/Studio/7.0/Packs/atmel/ATmega_DFP/1.0.106/gcc/dev/atmega32m1/avr5\libatmega32m1.a(eewr_byte.o)
                              C:/Program Files (x86)/Atmel/Studio/7.0/Packs/atmel/ATmega_DFP/1.0.106/gcc/dev/atmega32m1/avr5\libatmega32m1.a(eewr_block.o) (eeprom_write_r18)

Allocating common symbols
Common symbol       size              file

channel_idx_to_num  0x6               src/ADC.o
can_state           0x1               src/CAN.o
device_id           0x1               src/CAN.o
non_volatile_data   0x32              src/EEPROM.o
adc_results         0x18              src/ADC.o
CAN                 0xe               src/CAN.o
temp_state          0x8               src/ds18b20.o
MOb_data            0x30              src/CAN.o
temp_results        0x10              src/ds18b20.o
__iob               0x6               c:/program files (x86)/atmel/studio/7.0/toolchain/avr8/avr8-gnu-toolchain/bin/../lib/gcc/avr/4.9.2/../../../../avr/lib/avr5\libc.a(iob.o)
adc_state           0xc9              src/ADC.o

Discarded input sections

 .data          0x00000000        0x0 C:/Program Files (x86)/Atmel/Studio/7.0/Packs/atmel/ATmega_DFP/1.0.106/gcc/dev/atmega32m1/avr5/crtatmega32m1.o
 .bss           0x00000000        0x0 C:/Program Files (x86)/Atmel/Studio/7.0/Packs/atmel/ATmega_DFP/1.0.106/gcc/dev/atmega32m1/avr5/crtatmega32m1.o
 .group         0x00000000        0x8 src/ds18b20.o
 .group         0x00000000        0x8 src/ds18b20.o
 .group         0x00000000        0x8 src/ds18b20.o
 .group         0x00000000        0x8 src/ds18b20.o
 .group         0x00000000        0x8 src/ds18b20.o
 .group         0x00000000        0x8 src/ds18b20.o
 .group         0x00000000        0x8 src/ds18b20.o
 .group         0x00000000        0x8 src/ds18b20.o
 .group         0x00000000        0x8 src/ds18b20.o
 .group         0x00000000        0x8 src/ds18b20.o
 .group         0x00000000        0x8 src/ds18b20.o
 .group         0x00000000        0x8 src/ds18b20.o
 .group         0x00000000        0x8 src/ds18b20.o
 .group         0x00000000        0x8 src/ds18b20.o
 .group         0x00000000        0x8 src/ds18b20.o
 .group         0x00000000        0x8 src/ds18b20.o
 .group         0x00000000        0x8 src/ds18b20.o
 .group         0x00000000        0x8 src/ds18b20.o
 .group         0x00000000        0x8 src/ds18b20.o
 .group         0x00000000        0x8 src/ds18b20.o
 .group         0x00000000        0x8 src/ds18b20.o
 .text          0x00000000        0x0 src/ds18b20.o
 .data          0x00000000        0x0 src/ds18b20.o
 .bss           0x00000000        0x0 src/ds18b20.o
 .text.ds18b20wsp
                0x00000000       0x88 src/ds18b20.o
 .text.ds18b20csp
                0x00000000       0x62 src/ds18b20.o
 .text.ds18b20rom
                0x00000000       0xcc src/ds18b20.o
 .group         0x00000000        0x8 src/onewire.o
 .group         0x00000000        0x8 src/onewire.o
 .group         0x00000000        0x8 src/onewire.o
 .group         0x00000000        0x8 src/onewire.o
 .group         0x00000000        0x8 src/onewire.o
 .group         0x00000000        0x8 src/onewire.o
 .group         0x00000000        0x8 src/onewire.o
 .group         0x00000000        0x8 src/onewire.o
 .group         0x00000000        0x8 src/onewire.o
 .group         0x00000000        0x8 src/onewire.o
 .group         0x00000000        0x8 src/onewire.o
 .group         0x00000000        0x8 src/onewire.o
 .group         0x00000000        0x8 src/onewire.o
 .group         0x00000000        0x8 src/onewire.o
 .group         0x00000000        0x8 src/onewire.o
 .group         0x00000000        0x8 src/onewire.o
 .group         0x00000000        0x8 src/onewire.o
 .text          0x00000000        0x0 src/onewire.o
 .data          0x00000000        0x0 src/onewire.o
 .bss           0x00000000        0x0 src/onewire.o
 .debug_macro   0x00000000      0xa54 src/onewire.o
 .debug_macro   0x00000000       0x10 src/onewire.o
 .debug_macro   0x00000000      0x1c9 src/onewire.o
 .debug_macro   0x00000000      0x2fc src/onewire.o
 .debug_macro   0x00000000       0x9e src/onewire.o
 .debug_macro   0x00000000     0x241d src/onewire.o
 .debug_macro   0x00000000      0x156 src/onewire.o
 .debug_macro   0x00000000       0xbd src/onewire.o
 .debug_macro   0x00000000       0x34 src/onewire.o
 .debug_macro   0x00000000       0x18 src/onewire.o
 .debug_macro   0x00000000       0x6c src/onewire.o
 .debug_macro   0x00000000       0x10 src/onewire.o
 .debug_macro   0x00000000      0x17e src/onewire.o
 .debug_macro   0x00000000       0xd0 src/onewire.o
 .debug_macro   0x00000000       0x16 src/onewire.o
 .group         0x00000000        0x8 src/timer.o
 .group         0x00000000        0x8 src/timer.o
 .group         0x00000000        0x8 src/timer.o
 .group         0x00000000        0x8 src/timer.o
 .group         0x00000000        0x8 src/timer.o
 .group         0x00000000        0x8 src/timer.o
 .group         0x00000000        0x8 src/timer.o
 .group         0x00000000        0x8 src/timer.o
 .group         0x00000000        0x8 src/timer.o
 .group         0x00000000        0x8 src/timer.o
 .group         0x00000000        0x8 src/timer.o
 .group         0x00000000        0x8 src/timer.o
 .group         0x00000000        0x8 src/timer.o
 .group         0x00000000        0x8 src/timer.o
 .group         0x00000000        0x8 src/timer.o
 .group         0x00000000        0x8 src/timer.o
 .text          0x00000000        0x0 src/timer.o
 .data          0x00000000        0x0 src/timer.o
 .bss           0x00000000        0x0 src/timer.o
 .text.timer_get_us
                0x00000000        0xa src/timer.o
 .text.timer_time_difference_us
                0x00000000       0x1a src/timer.o
 .bss.new_tick  0x00000000        0x1 src/timer.o
 .bss.timer_prv
                0x00000000        0x2 src/timer.o
 .debug_macro   0x00000000      0xa54 src/timer.o
 .debug_macro   0x00000000       0x10 src/timer.o
 .debug_macro   0x00000000      0x1c9 src/timer.o
 .debug_macro   0x00000000      0x2fc src/timer.o
 .debug_macro   0x00000000       0x9e src/timer.o
 .debug_macro   0x00000000     0x241d src/timer.o
 .debug_macro   0x00000000      0x156 src/timer.o
 .debug_macro   0x00000000       0xbd src/timer.o
 .debug_macro   0x00000000       0x34 src/timer.o
 .debug_macro   0x00000000       0x18 src/timer.o
 .debug_macro   0x00000000       0x6c src/timer.o
 .debug_macro   0x00000000       0x69 src/timer.o
 .debug_macro   0x00000000       0x28 src/timer.o
 .debug_macro   0x00000000      0x17e src/timer.o
 .group         0x00000000        0x8 src/uart.o
 .group         0x00000000        0x8 src/uart.o
 .group         0x00000000        0x8 src/uart.o
 .group         0x00000000        0x8 src/uart.o
 .group         0x00000000        0x8 src/uart.o
 .group         0x00000000        0x8 src/uart.o
 .group         0x00000000        0x8 src/uart.o
 .group         0x00000000        0x8 src/uart.o
 .group         0x00000000        0x8 src/uart.o
 .group         0x00000000        0x8 src/uart.o
 .group         0x00000000        0x8 src/uart.o
 .group         0x00000000        0x8 src/uart.o
 .group         0x00000000        0x8 src/uart.o
 .group         0x00000000        0x8 src/uart.o
 .group         0x00000000        0x8 src/uart.o
 .group         0x00000000        0x8 src/uart.o
 .group         0x00000000        0x8 src/uart.o
 .group         0x00000000        0x8 src/uart.o
 .group         0x00000000        0x8 src/uart.o
 .group         0x00000000        0x8 src/uart.o
 .group         0x00000000        0x8 src/uart.o
 .group         0x00000000        0x8 src/uart.o
 .text          0x00000000        0x0 src/uart.o
 .data          0x00000000        0x0 src/uart.o
 .bss           0x00000000        0x0 src/uart.o
 .text.uart_getc
                0x00000000       0x3c src/uart.o
 .text.uart_puts
                0x00000000       0x1e src/uart.o
 .debug_macro   0x00000000      0xa54 src/uart.o
 .debug_macro   0x00000000       0x10 src/uart.o
 .debug_macro   0x00000000      0x1c9 src/uart.o
 .debug_macro   0x00000000      0x2fc src/uart.o
 .debug_macro   0x00000000       0x9e src/uart.o
 .debug_macro   0x00000000     0x241d src/uart.o
 .debug_macro   0x00000000      0x156 src/uart.o
 .debug_macro   0x00000000       0xbd src/uart.o
 .debug_macro   0x00000000       0x34 src/uart.o
 .debug_macro   0x00000000       0x18 src/uart.o
 .debug_macro   0x00000000       0x6c src/uart.o
 .debug_macro   0x00000000       0x69 src/uart.o
 .debug_macro   0x00000000      0x17e src/uart.o
 .debug_macro   0x00000000       0xd0 src/uart.o
 .group         0x00000000        0x8 src/ADC.o
 .group         0x00000000        0x8 src/ADC.o
 .group         0x00000000        0x8 src/ADC.o
 .group         0x00000000        0x8 src/ADC.o
 .group         0x00000000        0x8 src/ADC.o
 .group         0x00000000        0x8 src/ADC.o
 .group         0x00000000        0x8 src/ADC.o
 .group         0x00000000        0x8 src/ADC.o
 .group         0x00000000        0x8 src/ADC.o
 .group         0x00000000        0x8 src/ADC.o
 .group         0x00000000        0x8 src/ADC.o
 .group         0x00000000        0x8 src/ADC.o
 .group         0x00000000        0x8 src/ADC.o
 .group         0x00000000        0x8 src/ADC.o
 .group         0x00000000        0x8 src/ADC.o
 .group         0x00000000        0x8 src/ADC.o
 .group         0x00000000        0x8 src/ADC.o
 .group         0x00000000        0x8 src/ADC.o
 .group         0x00000000        0x8 src/ADC.o
 .text          0x00000000        0x0 src/ADC.o
 .data          0x00000000        0x0 src/ADC.o
 .bss           0x00000000        0x0 src/ADC.o
 .bss.present_channel
                0x00000000        0x1 src/ADC.o
 .debug_macro   0x00000000      0xa54 src/ADC.o
 .debug_macro   0x00000000       0x10 src/ADC.o
 .debug_macro   0x00000000      0x1c9 src/ADC.o
 .debug_macro   0x00000000      0x2fc src/ADC.o
 .debug_macro   0x00000000       0x9e src/ADC.o
 .debug_macro   0x00000000     0x241d src/ADC.o
 .debug_macro   0x00000000      0x156 src/ADC.o
 .debug_macro   0x00000000       0xbd src/ADC.o
 .debug_macro   0x00000000       0x34 src/ADC.o
 .debug_macro   0x00000000       0x18 src/ADC.o
 .debug_macro   0x00000000       0x6c src/ADC.o
 .debug_macro   0x00000000       0x69 src/ADC.o
 .debug_macro   0x00000000       0x34 src/ADC.o
 .debug_macro   0x00000000      0x17e src/ADC.o
 .debug_macro   0x00000000       0xca src/ADC.o
 .debug_macro   0x00000000       0x28 src/ADC.o
 .group         0x00000000        0x8 src/ASF/common/boards/user_board/init.o
 .group         0x00000000        0x8 src/ASF/common/boards/user_board/init.o
 .group         0x00000000        0x8 src/ASF/common/boards/user_board/init.o
 .group         0x00000000        0x8 src/ASF/common/boards/user_board/init.o
 .group         0x00000000        0x8 src/ASF/common/boards/user_board/init.o
 .group         0x00000000        0x8 src/ASF/common/boards/user_board/init.o
 .group         0x00000000        0x8 src/ASF/common/boards/user_board/init.o
 .group         0x00000000        0x8 src/ASF/common/boards/user_board/init.o
 .group         0x00000000        0x8 src/ASF/common/boards/user_board/init.o
 .group         0x00000000        0x8 src/ASF/common/boards/user_board/init.o
 .group         0x00000000        0x8 src/ASF/common/boards/user_board/init.o
 .group         0x00000000        0x8 src/ASF/common/boards/user_board/init.o
 .group         0x00000000        0x8 src/ASF/common/boards/user_board/init.o
 .group         0x00000000        0x8 src/ASF/common/boards/user_board/init.o
 .group         0x00000000        0x8 src/ASF/common/boards/user_board/init.o
 .group         0x00000000        0x8 src/ASF/common/boards/user_board/init.o
 .group         0x00000000        0x8 src/ASF/common/boards/user_board/init.o
 .group         0x00000000        0x8 src/ASF/common/boards/user_board/init.o
 .group         0x00000000        0x8 src/ASF/common/boards/user_board/init.o
 .group         0x00000000        0x8 src/ASF/common/boards/user_board/init.o
 .group         0x00000000        0x8 src/ASF/common/boards/user_board/init.o
 .group         0x00000000        0x8 src/ASF/common/boards/user_board/init.o
 .group         0x00000000        0x8 src/ASF/common/boards/user_board/init.o
 .group         0x00000000        0x8 src/ASF/common/boards/user_board/init.o
 .group         0x00000000        0x8 src/ASF/common/boards/user_board/init.o
 .text          0x00000000        0x0 src/ASF/common/boards/user_board/init.o
 .data          0x00000000        0x0 src/ASF/common/boards/user_board/init.o
 .bss           0x00000000        0x0 src/ASF/common/boards/user_board/init.o
 .text.board_init
                0x00000000        0x2 src/ASF/common/boards/user_board/init.o
 .debug_info    0x00000000       0x7c src/ASF/common/boards/user_board/init.o
 .debug_abbrev  0x00000000       0x47 src/ASF/common/boards/user_board/init.o
 .debug_aranges
                0x00000000       0x20 src/ASF/common/boards/user_board/init.o
 .debug_ranges  0x00000000       0x10 src/ASF/common/boards/user_board/init.o
 .debug_macro   0x00000000      0x152 src/ASF/common/boards/user_board/init.o
 .debug_macro   0x00000000      0xa54 src/ASF/common/boards/user_board/init.o
 .debug_macro   0x00000000       0x10 src/ASF/common/boards/user_board/init.o
 .debug_macro   0x00000000      0x1c9 src/ASF/common/boards/user_board/init.o
 .debug_macro   0x00000000      0x2fc src/ASF/common/boards/user_board/init.o
 .debug_macro   0x00000000       0x9e src/ASF/common/boards/user_board/init.o
 .debug_macro   0x00000000     0x241d src/ASF/common/boards/user_board/init.o
 .debug_macro   0x00000000      0x156 src/ASF/common/boards/user_board/init.o
 .debug_macro   0x00000000       0xbd src/ASF/common/boards/user_board/init.o
 .debug_macro   0x00000000       0x34 src/ASF/common/boards/user_board/init.o
 .debug_macro   0x00000000       0x18 src/ASF/common/boards/user_board/init.o
 .debug_macro   0x00000000       0x6c src/ASF/common/boards/user_board/init.o
 .debug_macro   0x00000000       0x22 src/ASF/common/boards/user_board/init.o
 .debug_macro   0x00000000      0x166 src/ASF/common/boards/user_board/init.o
 .debug_macro   0x00000000       0x1c src/ASF/common/boards/user_board/init.o
 .debug_macro   0x00000000       0x35 src/ASF/common/boards/user_board/init.o
 .debug_macro   0x00000000       0x66 src/ASF/common/boards/user_board/init.o
 .debug_macro   0x00000000      0x644 src/ASF/common/boards/user_board/init.o
 .debug_macro   0x00000000       0x44 src/ASF/common/boards/user_board/init.o
 .debug_macro   0x00000000       0x69 src/ASF/common/boards/user_board/init.o
 .debug_macro   0x00000000       0x2c src/ASF/common/boards/user_board/init.o
 .debug_macro   0x00000000       0x10 src/ASF/common/boards/user_board/init.o
 .debug_macro   0x00000000       0xe2 src/ASF/common/boards/user_board/init.o
 .debug_macro   0x00000000       0x40 src/ASF/common/boards/user_board/init.o
 .debug_macro   0x00000000      0x100 src/ASF/common/boards/user_board/init.o
 .debug_macro   0x00000000      0x2a4 src/ASF/common/boards/user_board/init.o
 .debug_line    0x00000000      0x392 src/ASF/common/boards/user_board/init.o
 .debug_str     0x00000000    0x1136f src/ASF/common/boards/user_board/init.o
 .comment       0x00000000       0x31 src/ASF/common/boards/user_board/init.o
 .debug_frame   0x00000000       0x24 src/ASF/common/boards/user_board/init.o
 .group         0x00000000        0x8 src/CAN.o
 .group         0x00000000        0x8 src/CAN.o
 .group         0x00000000        0x8 src/CAN.o
 .group         0x00000000        0x8 src/CAN.o
 .group         0x00000000        0x8 src/CAN.o
 .group         0x00000000        0x8 src/CAN.o
 .group         0x00000000        0x8 src/CAN.o
 .group         0x00000000        0x8 src/CAN.o
 .group         0x00000000        0x8 src/CAN.o
 .group         0x00000000        0x8 src/CAN.o
 .group         0x00000000        0x8 src/CAN.o
 .group         0x00000000        0x8 src/CAN.o
 .group         0x00000000        0x8 src/CAN.o
 .group         0x00000000        0x8 src/CAN.o
 .group         0x00000000        0x8 src/CAN.o
 .group         0x00000000        0x8 src/CAN.o
 .group         0x00000000        0x8 src/CAN.o
 .group         0x00000000        0x8 src/CAN.o
 .group         0x00000000        0x8 src/CAN.o
 .group         0x00000000        0x8 src/CAN.o
 .group         0x00000000        0x8 src/CAN.o
 .group         0x00000000        0x8 src/CAN.o
 .group         0x00000000        0x8 src/CAN.o
 .group         0x00000000        0x8 src/CAN.o
 .group         0x00000000        0x8 src/CAN.o
 .group         0x00000000        0x8 src/CAN.o
 .group         0x00000000        0x8 src/CAN.o
 .group         0x00000000        0x8 src/CAN.o
 .text          0x00000000        0x0 src/CAN.o
 .data          0x00000000        0x0 src/CAN.o
 .bss           0x00000000        0x0 src/CAN.o
 .debug_macro   0x00000000      0xa54 src/CAN.o
 .debug_macro   0x00000000       0x10 src/CAN.o
 .debug_macro   0x00000000      0x1c9 src/CAN.o
 .debug_macro   0x00000000      0x2fc src/CAN.o
 .debug_macro   0x00000000       0x9e src/CAN.o
 .debug_macro   0x00000000     0x241d src/CAN.o
 .debug_macro   0x00000000      0x156 src/CAN.o
 .debug_macro   0x00000000       0xbd src/CAN.o
 .debug_macro   0x00000000       0x34 src/CAN.o
 .debug_macro   0x00000000       0x18 src/CAN.o
 .debug_macro   0x00000000       0x6c src/CAN.o
 .debug_macro   0x00000000       0x69 src/CAN.o
 .debug_macro   0x00000000       0x58 src/CAN.o
 .debug_macro   0x00000000       0x10 src/CAN.o
 .debug_macro   0x00000000       0xf2 src/CAN.o
 .debug_macro   0x00000000       0x16 src/CAN.o
 .debug_macro   0x00000000       0x5e src/CAN.o
 .debug_macro   0x00000000       0x10 src/CAN.o
 .debug_macro   0x00000000       0xee src/CAN.o
 .debug_macro   0x00000000      0x17e src/CAN.o
 .debug_macro   0x00000000       0xca src/CAN.o
 .debug_macro   0x00000000       0x10 src/CAN.o
 .debug_macro   0x00000000       0x16 src/CAN.o
 .debug_macro   0x00000000       0xac src/CAN.o
 .group         0x00000000        0x8 src/EEPROM.o
 .group         0x00000000        0x8 src/EEPROM.o
 .group         0x00000000        0x8 src/EEPROM.o
 .group         0x00000000        0x8 src/EEPROM.o
 .group         0x00000000        0x8 src/EEPROM.o
 .group         0x00000000        0x8 src/EEPROM.o
 .group         0x00000000        0x8 src/EEPROM.o
 .group         0x00000000        0x8 src/EEPROM.o
 .group         0x00000000        0x8 src/EEPROM.o
 .group         0x00000000        0x8 src/EEPROM.o
 .group         0x00000000        0x8 src/EEPROM.o
 .group         0x00000000        0x8 src/EEPROM.o
 .group         0x00000000        0x8 src/EEPROM.o
 .group         0x00000000        0x8 src/EEPROM.o
 .group         0x00000000        0x8 src/EEPROM.o
 .group         0x00000000        0x8 src/EEPROM.o
 .group         0x00000000        0x8 src/EEPROM.o
 .group         0x00000000        0x8 src/EEPROM.o
 .group         0x00000000        0x8 src/EEPROM.o
 .group         0x00000000        0x8 src/EEPROM.o
 .group         0x00000000        0x8 src/EEPROM.o
 .group         0x00000000        0x8 src/EEPROM.o
 .group         0x00000000        0x8 src/EEPROM.o
 .group         0x00000000        0x8 src/EEPROM.o
 .group         0x00000000        0x8 src/EEPROM.o
 .group         0x00000000        0x8 src/EEPROM.o
 .group         0x00000000        0x8 src/EEPROM.o
 .group         0x00000000        0x8 src/EEPROM.o
 .text          0x00000000        0x0 src/EEPROM.o
 .data          0x00000000        0x0 src/EEPROM.o
 .bss           0x00000000        0x0 src/EEPROM.o
 .debug_macro   0x00000000      0xa54 src/EEPROM.o
 .debug_macro   0x00000000       0x10 src/EEPROM.o
 .debug_macro   0x00000000      0x1c9 src/EEPROM.o
 .debug_macro   0x00000000      0x2fc src/EEPROM.o
 .debug_macro   0x00000000       0x9e src/EEPROM.o
 .debug_macro   0x00000000     0x241d src/EEPROM.o
 .debug_macro   0x00000000      0x156 src/EEPROM.o
 .debug_macro   0x00000000       0xbd src/EEPROM.o
 .debug_macro   0x00000000       0x34 src/EEPROM.o
 .debug_macro   0x00000000       0x18 src/EEPROM.o
 .debug_macro   0x00000000       0x6c src/EEPROM.o
 .debug_macro   0x00000000      0x166 src/EEPROM.o
 .debug_macro   0x00000000       0x69 src/EEPROM.o
 .debug_macro   0x00000000       0x58 src/EEPROM.o
 .debug_macro   0x00000000       0x10 src/EEPROM.o
 .debug_macro   0x00000000       0x35 src/EEPROM.o
 .debug_macro   0x00000000       0xf2 src/EEPROM.o
 .debug_macro   0x00000000       0x16 src/EEPROM.o
 .debug_macro   0x00000000       0x5e src/EEPROM.o
 .debug_macro   0x00000000       0xd0 src/EEPROM.o
 .debug_macro   0x00000000       0x10 src/EEPROM.o
 .debug_macro   0x00000000       0x10 src/EEPROM.o
 .debug_macro   0x00000000       0x48 src/EEPROM.o
 .debug_macro   0x00000000      0x17e src/EEPROM.o
 .debug_macro   0x00000000       0xca src/EEPROM.o
 .group         0x00000000        0x8 src/main.o
 .group         0x00000000        0x8 src/main.o
 .group         0x00000000        0x8 src/main.o
 .group         0x00000000        0x8 src/main.o
 .group         0x00000000        0x8 src/main.o
 .group         0x00000000        0x8 src/main.o
 .group         0x00000000        0x8 src/main.o
 .group         0x00000000        0x8 src/main.o
 .group         0x00000000        0x8 src/main.o
 .group         0x00000000        0x8 src/main.o
 .group         0x00000000        0x8 src/main.o
 .group         0x00000000        0x8 src/main.o
 .group         0x00000000        0x8 src/main.o
 .group         0x00000000        0x8 src/main.o
 .group         0x00000000        0x8 src/main.o
 .group         0x00000000        0x8 src/main.o
 .group         0x00000000        0x8 src/main.o
 .group         0x00000000        0x8 src/main.o
 .group         0x00000000        0x8 src/main.o
 .group         0x00000000        0x8 src/main.o
 .group         0x00000000        0x8 src/main.o
 .group         0x00000000        0x8 src/main.o
 .group         0x00000000        0x8 src/main.o
 .group         0x00000000        0x8 src/main.o
 .group         0x00000000        0x8 src/main.o
 .group         0x00000000        0x8 src/main.o
 .group         0x00000000        0x8 src/main.o
 .group         0x00000000        0x8 src/main.o
 .group         0x00000000        0x8 src/main.o
 .group         0x00000000        0x8 src/main.o
 .group         0x00000000        0x8 src/main.o
 .group         0x00000000        0x8 src/main.o
 .group         0x00000000        0x8 src/main.o
 .group         0x00000000        0x8 src/main.o
 .group         0x00000000        0x8 src/main.o
 .group         0x00000000        0x8 src/main.o
 .text          0x00000000        0x0 src/main.o
 .data          0x00000000        0x0 src/main.o
 .bss           0x00000000        0x0 src/main.o
 .text.LED_blinking
                0x00000000       0x50 src/main.o
 .text.LEDs_OFF
                0x00000000        0x6 src/main.o
 .bss.led_status.2397
                0x00000000        0x1 src/main.o
 .bss.led_time_stamp.2396
                0x00000000        0x2 src/main.o
 .debug_macro   0x00000000      0xa54 src/main.o
 .debug_macro   0x00000000       0x10 src/main.o
 .debug_macro   0x00000000      0x1c9 src/main.o
 .debug_macro   0x00000000      0x2fc src/main.o
 .debug_macro   0x00000000       0x9e src/main.o
 .debug_macro   0x00000000     0x241d src/main.o
 .debug_macro   0x00000000      0x156 src/main.o
 .debug_macro   0x00000000       0xbd src/main.o
 .debug_macro   0x00000000       0x34 src/main.o
 .debug_macro   0x00000000       0x18 src/main.o
 .debug_macro   0x00000000       0x6c src/main.o
 .debug_macro   0x00000000       0x69 src/main.o
 .debug_macro   0x00000000       0x10 src/main.o
 .debug_macro   0x00000000       0x89 src/main.o
 .debug_macro   0x00000000       0xee src/main.o
 .debug_macro   0x00000000       0x1c src/main.o
 .debug_macro   0x00000000       0x58 src/main.o
 .debug_macro   0x00000000       0x10 src/main.o
 .debug_macro   0x00000000       0x20 src/main.o
 .debug_macro   0x00000000       0xf2 src/main.o
 .debug_macro   0x00000000       0x10 src/main.o
 .debug_macro   0x00000000      0x160 src/main.o
 .debug_macro   0x00000000       0x5e src/main.o
 .debug_macro   0x00000000       0xd0 src/main.o
 .debug_macro   0x00000000       0x16 src/main.o
 .debug_macro   0x00000000      0x17e src/main.o
 .debug_macro   0x00000000       0xd0 src/main.o
 .debug_macro   0x00000000       0x28 src/main.o
 .debug_macro   0x00000000       0x4e src/main.o
 .debug_macro   0x00000000       0x10 src/main.o
 .debug_macro   0x00000000       0x16 src/main.o
 .text          0x00000000        0x0 c:/program files (x86)/atmel/studio/7.0/toolchain/avr8/avr8-gnu-toolchain/bin/../lib/gcc/avr/4.9.2/avr5\libgcc.a(_udivmodsi4.o)
 .data          0x00000000        0x0 c:/program files (x86)/atmel/studio/7.0/toolchain/avr8/avr8-gnu-toolchain/bin/../lib/gcc/avr/4.9.2/avr5\libgcc.a(_udivmodsi4.o)
 .bss           0x00000000        0x0 c:/program files (x86)/atmel/studio/7.0/toolchain/avr8/avr8-gnu-toolchain/bin/../lib/gcc/avr/4.9.2/avr5\libgcc.a(_udivmodsi4.o)
 .text.libgcc.mul
                0x00000000        0x0 c:/program files (x86)/atmel/studio/7.0/toolchain/avr8/avr8-gnu-toolchain/bin/../lib/gcc/avr/4.9.2/avr5\libgcc.a(_udivmodsi4.o)
 .text.libgcc   0x00000000        0x0 c:/program files (x86)/atmel/studio/7.0/toolchain/avr8/avr8-gnu-toolchain/bin/../lib/gcc/avr/4.9.2/avr5\libgcc.a(_udivmodsi4.o)
 .text.libgcc.prologue
                0x00000000        0x0 c:/program files (x86)/atmel/studio/7.0/toolchain/avr8/avr8-gnu-toolchain/bin/../lib/gcc/avr/4.9.2/avr5\libgcc.a(_udivmodsi4.o)
 .text.libgcc.builtins
                0x00000000        0x0 c:/program files (x86)/atmel/studio/7.0/toolchain/avr8/avr8-gnu-toolchain/bin/../lib/gcc/avr/4.9.2/avr5\libgcc.a(_udivmodsi4.o)
 .text.libgcc.fmul
                0x00000000        0x0 c:/program files (x86)/atmel/studio/7.0/toolchain/avr8/avr8-gnu-toolchain/bin/../lib/gcc/avr/4.9.2/avr5\libgcc.a(_udivmodsi4.o)
 .text.libgcc.fixed
                0x00000000        0x0 c:/program files (x86)/atmel/studio/7.0/toolchain/avr8/avr8-gnu-toolchain/bin/../lib/gcc/avr/4.9.2/avr5\libgcc.a(_udivmodsi4.o)
 .text          0x00000000        0x0 c:/program files (x86)/atmel/studio/7.0/toolchain/avr8/avr8-gnu-toolchain/bin/../lib/gcc/avr/4.9.2/avr5\libgcc.a(_divmodsi4.o)
 .data          0x00000000        0x0 c:/program files (x86)/atmel/studio/7.0/toolchain/avr8/avr8-gnu-toolchain/bin/../lib/gcc/avr/4.9.2/avr5\libgcc.a(_divmodsi4.o)
 .bss           0x00000000        0x0 c:/program files (x86)/atmel/studio/7.0/toolchain/avr8/avr8-gnu-toolchain/bin/../lib/gcc/avr/4.9.2/avr5\libgcc.a(_divmodsi4.o)
 .text.libgcc.mul
                0x00000000        0x0 c:/program files (x86)/atmel/studio/7.0/toolchain/avr8/avr8-gnu-toolchain/bin/../lib/gcc/avr/4.9.2/avr5\libgcc.a(_divmodsi4.o)
 .text.libgcc   0x00000000        0x0 c:/program files (x86)/atmel/studio/7.0/toolchain/avr8/avr8-gnu-toolchain/bin/../lib/gcc/avr/4.9.2/avr5\libgcc.a(_divmodsi4.o)
 .text.libgcc.prologue
                0x00000000        0x0 c:/program files (x86)/atmel/studio/7.0/toolchain/avr8/avr8-gnu-toolchain/bin/../lib/gcc/avr/4.9.2/avr5\libgcc.a(_divmodsi4.o)
 .text.libgcc.builtins
                0x00000000        0x0 c:/program files (x86)/atmel/studio/7.0/toolchain/avr8/avr8-gnu-toolchain/bin/../lib/gcc/avr/4.9.2/avr5\libgcc.a(_divmodsi4.o)
 .text.libgcc.fmul
                0x00000000        0x0 c:/program files (x86)/atmel/studio/7.0/toolchain/avr8/avr8-gnu-toolchain/bin/../lib/gcc/avr/4.9.2/avr5\libgcc.a(_divmodsi4.o)
 .text.libgcc.fixed
                0x00000000        0x0 c:/program files (x86)/atmel/studio/7.0/toolchain/avr8/avr8-gnu-toolchain/bin/../lib/gcc/avr/4.9.2/avr5\libgcc.a(_divmodsi4.o)
 .text          0x00000000        0x0 c:/program files (x86)/atmel/studio/7.0/toolchain/avr8/avr8-gnu-toolchain/bin/../lib/gcc/avr/4.9.2/avr5\libgcc.a(_negsi2.o)
 .data          0x00000000        0x0 c:/program files (x86)/atmel/studio/7.0/toolchain/avr8/avr8-gnu-toolchain/bin/../lib/gcc/avr/4.9.2/avr5\libgcc.a(_negsi2.o)
 .bss           0x00000000        0x0 c:/program files (x86)/atmel/studio/7.0/toolchain/avr8/avr8-gnu-toolchain/bin/../lib/gcc/avr/4.9.2/avr5\libgcc.a(_negsi2.o)
 .text.libgcc.mul
                0x00000000        0x0 c:/program files (x86)/atmel/studio/7.0/toolchain/avr8/avr8-gnu-toolchain/bin/../lib/gcc/avr/4.9.2/avr5\libgcc.a(_negsi2.o)
 .text.libgcc   0x00000000        0x0 c:/program files (x86)/atmel/studio/7.0/toolchain/avr8/avr8-gnu-toolchain/bin/../lib/gcc/avr/4.9.2/avr5\libgcc.a(_negsi2.o)
 .text.libgcc.prologue
                0x00000000        0x0 c:/program files (x86)/atmel/studio/7.0/toolchain/avr8/avr8-gnu-toolchain/bin/../lib/gcc/avr/4.9.2/avr5\libgcc.a(_negsi2.o)
 .text.libgcc.builtins
                0x00000000        0x0 c:/program files (x86)/atmel/studio/7.0/toolchain/avr8/avr8-gnu-toolchain/bin/../lib/gcc/avr/4.9.2/avr5\libgcc.a(_negsi2.o)
 .text.libgcc.fmul
                0x00000000        0x0 c:/program files (x86)/atmel/studio/7.0/toolchain/avr8/avr8-gnu-toolchain/bin/../lib/gcc/avr/4.9.2/avr5\libgcc.a(_negsi2.o)
 .text.libgcc.fixed
                0x00000000        0x0 c:/program files (x86)/atmel/studio/7.0/toolchain/avr8/avr8-gnu-toolchain/bin/../lib/gcc/avr/4.9.2/avr5\libgcc.a(_negsi2.o)
 .text          0x00000000        0x0 c:/program files (x86)/atmel/studio/7.0/toolchain/avr8/avr8-gnu-toolchain/bin/../lib/gcc/avr/4.9.2/avr5\libgcc.a(_exit.o)
 .data          0x00000000        0x0 c:/program files (x86)/atmel/studio/7.0/toolchain/avr8/avr8-gnu-toolchain/bin/../lib/gcc/avr/4.9.2/avr5\libgcc.a(_exit.o)
 .bss           0x00000000        0x0 c:/program files (x86)/atmel/studio/7.0/toolchain/avr8/avr8-gnu-toolchain/bin/../lib/gcc/avr/4.9.2/avr5\libgcc.a(_exit.o)
 .text.libgcc.mul
                0x00000000        0x0 c:/program files (x86)/atmel/studio/7.0/toolchain/avr8/avr8-gnu-toolchain/bin/../lib/gcc/avr/4.9.2/avr5\libgcc.a(_exit.o)
 .text.libgcc.div
                0x00000000        0x0 c:/program files (x86)/atmel/studio/7.0/toolchain/avr8/avr8-gnu-toolchain/bin/../lib/gcc/avr/4.9.2/avr5\libgcc.a(_exit.o)
 .text.libgcc   0x00000000        0x0 c:/program files (x86)/atmel/studio/7.0/toolchain/avr8/avr8-gnu-toolchain/bin/../lib/gcc/avr/4.9.2/avr5\libgcc.a(_exit.o)
 .text.libgcc.prologue
                0x00000000        0x0 c:/program files (x86)/atmel/studio/7.0/toolchain/avr8/avr8-gnu-toolchain/bin/../lib/gcc/avr/4.9.2/avr5\libgcc.a(_exit.o)
 .text.libgcc.builtins
                0x00000000        0x0 c:/program files (x86)/atmel/studio/7.0/toolchain/avr8/avr8-gnu-toolchain/bin/../lib/gcc/avr/4.9.2/avr5\libgcc.a(_exit.o)
 .text.libgcc.fmul
                0x00000000        0x0 c:/program files (x86)/atmel/studio/7.0/toolchain/avr8/avr8-gnu-toolchain/bin/../lib/gcc/avr/4.9.2/avr5\libgcc.a(_exit.o)
 .text.libgcc.fixed
                0x00000000        0x0 c:/program files (x86)/atmel/studio/7.0/toolchain/avr8/avr8-gnu-toolchain/bin/../lib/gcc/avr/4.9.2/avr5\libgcc.a(_exit.o)
 .text          0x00000000        0x0 c:/program files (x86)/atmel/studio/7.0/toolchain/avr8/avr8-gnu-toolchain/bin/../lib/gcc/avr/4.9.2/avr5\libgcc.a(_copy_data.o)
 .data          0x00000000        0x0 c:/program files (x86)/atmel/studio/7.0/toolchain/avr8/avr8-gnu-toolchain/bin/../lib/gcc/avr/4.9.2/avr5\libgcc.a(_copy_data.o)
 .bss           0x00000000        0x0 c:/program files (x86)/atmel/studio/7.0/toolchain/avr8/avr8-gnu-toolchain/bin/../lib/gcc/avr/4.9.2/avr5\libgcc.a(_copy_data.o)
 .text.libgcc.mul
                0x00000000        0x0 c:/program files (x86)/atmel/studio/7.0/toolchain/avr8/avr8-gnu-toolchain/bin/../lib/gcc/avr/4.9.2/avr5\libgcc.a(_copy_data.o)
 .text.libgcc.div
                0x00000000        0x0 c:/program files (x86)/atmel/studio/7.0/toolchain/avr8/avr8-gnu-toolchain/bin/../lib/gcc/avr/4.9.2/avr5\libgcc.a(_copy_data.o)
 .text.libgcc   0x00000000        0x0 c:/program files (x86)/atmel/studio/7.0/toolchain/avr8/avr8-gnu-toolchain/bin/../lib/gcc/avr/4.9.2/avr5\libgcc.a(_copy_data.o)
 .text.libgcc.prologue
                0x00000000        0x0 c:/program files (x86)/atmel/studio/7.0/toolchain/avr8/avr8-gnu-toolchain/bin/../lib/gcc/avr/4.9.2/avr5\libgcc.a(_copy_data.o)
 .text.libgcc.builtins
                0x00000000        0x0 c:/program files (x86)/atmel/studio/7.0/toolchain/avr8/avr8-gnu-toolchain/bin/../lib/gcc/avr/4.9.2/avr5\libgcc.a(_copy_data.o)
 .text.libgcc.fmul
                0x00000000        0x0 c:/program files (x86)/atmel/studio/7.0/toolchain/avr8/avr8-gnu-toolchain/bin/../lib/gcc/avr/4.9.2/avr5\libgcc.a(_copy_data.o)
 .text.libgcc.fixed
                0x00000000        0x0 c:/program files (x86)/atmel/studio/7.0/toolchain/avr8/avr8-gnu-toolchain/bin/../lib/gcc/avr/4.9.2/avr5\libgcc.a(_copy_data.o)
 .text          0x00000000        0x0 c:/program files (x86)/atmel/studio/7.0/toolchain/avr8/avr8-gnu-toolchain/bin/../lib/gcc/avr/4.9.2/avr5\libgcc.a(_clear_bss.o)
 .data          0x00000000        0x0 c:/program files (x86)/atmel/studio/7.0/toolchain/avr8/avr8-gnu-toolchain/bin/../lib/gcc/avr/4.9.2/avr5\libgcc.a(_clear_bss.o)
 .bss           0x00000000        0x0 c:/program files (x86)/atmel/studio/7.0/toolchain/avr8/avr8-gnu-toolchain/bin/../lib/gcc/avr/4.9.2/avr5\libgcc.a(_clear_bss.o)
 .text.libgcc.mul
                0x00000000        0x0 c:/program files (x86)/atmel/studio/7.0/toolchain/avr8/avr8-gnu-toolchain/bin/../lib/gcc/avr/4.9.2/avr5\libgcc.a(_clear_bss.o)
 .text.libgcc.div
                0x00000000        0x0 c:/program files (x86)/atmel/studio/7.0/toolchain/avr8/avr8-gnu-toolchain/bin/../lib/gcc/avr/4.9.2/avr5\libgcc.a(_clear_bss.o)
 .text.libgcc   0x00000000        0x0 c:/program files (x86)/atmel/studio/7.0/toolchain/avr8/avr8-gnu-toolchain/bin/../lib/gcc/avr/4.9.2/avr5\libgcc.a(_clear_bss.o)
 .text.libgcc.prologue
                0x00000000        0x0 c:/program files (x86)/atmel/studio/7.0/toolchain/avr8/avr8-gnu-toolchain/bin/../lib/gcc/avr/4.9.2/avr5\libgcc.a(_clear_bss.o)
 .text.libgcc.builtins
                0x00000000        0x0 c:/program files (x86)/atmel/studio/7.0/toolchain/avr8/avr8-gnu-toolchain/bin/../lib/gcc/avr/4.9.2/avr5\libgcc.a(_clear_bss.o)
 .text.libgcc.fmul
                0x00000000        0x0 c:/program files (x86)/atmel/studio/7.0/toolchain/avr8/avr8-gnu-toolchain/bin/../lib/gcc/avr/4.9.2/avr5\libgcc.a(_clear_bss.o)
 .text.libgcc.fixed
                0x00000000        0x0 c:/program files (x86)/atmel/studio/7.0/toolchain/avr8/avr8-gnu-toolchain/bin/../lib/gcc/avr/4.9.2/avr5\libgcc.a(_clear_bss.o)
 .text          0x00000000        0x0 c:/program files (x86)/atmel/studio/7.0/toolchain/avr8/avr8-gnu-toolchain/bin/../lib/gcc/avr/4.9.2/avr5\libgcc.a(_umulhisi3.o)
 .data          0x00000000        0x0 c:/program files (x86)/atmel/studio/7.0/toolchain/avr8/avr8-gnu-toolchain/bin/../lib/gcc/avr/4.9.2/avr5\libgcc.a(_umulhisi3.o)
 .bss           0x00000000        0x0 c:/program files (x86)/atmel/studio/7.0/toolchain/avr8/avr8-gnu-toolchain/bin/../lib/gcc/avr/4.9.2/avr5\libgcc.a(_umulhisi3.o)
 .text.libgcc.div
                0x00000000        0x0 c:/program files (x86)/atmel/studio/7.0/toolchain/avr8/avr8-gnu-toolchain/bin/../lib/gcc/avr/4.9.2/avr5\libgcc.a(_umulhisi3.o)
 .text.libgcc   0x00000000        0x0 c:/program files (x86)/atmel/studio/7.0/toolchain/avr8/avr8-gnu-toolchain/bin/../lib/gcc/avr/4.9.2/avr5\libgcc.a(_umulhisi3.o)
 .text.libgcc.prologue
                0x00000000        0x0 c:/program files (x86)/atmel/studio/7.0/toolchain/avr8/avr8-gnu-toolchain/bin/../lib/gcc/avr/4.9.2/avr5\libgcc.a(_umulhisi3.o)
 .text.libgcc.builtins
                0x00000000        0x0 c:/program files (x86)/atmel/studio/7.0/toolchain/avr8/avr8-gnu-toolchain/bin/../lib/gcc/avr/4.9.2/avr5\libgcc.a(_umulhisi3.o)
 .text.libgcc.fmul
                0x00000000        0x0 c:/program files (x86)/atmel/studio/7.0/toolchain/avr8/avr8-gnu-toolchain/bin/../lib/gcc/avr/4.9.2/avr5\libgcc.a(_umulhisi3.o)
 .text.libgcc.fixed
                0x00000000        0x0 c:/program files (x86)/atmel/studio/7.0/toolchain/avr8/avr8-gnu-toolchain/bin/../lib/gcc/avr/4.9.2/avr5\libgcc.a(_umulhisi3.o)
 .text          0x00000000        0x0 c:/program files (x86)/atmel/studio/7.0/toolchain/avr8/avr8-gnu-toolchain/bin/../lib/gcc/avr/4.9.2/avr5\libgcc.a(_usmulhisi3.o)
 .data          0x00000000        0x0 c:/program files (x86)/atmel/studio/7.0/toolchain/avr8/avr8-gnu-toolchain/bin/../lib/gcc/avr/4.9.2/avr5\libgcc.a(_usmulhisi3.o)
 .bss           0x00000000        0x0 c:/program files (x86)/atmel/studio/7.0/toolchain/avr8/avr8-gnu-toolchain/bin/../lib/gcc/avr/4.9.2/avr5\libgcc.a(_usmulhisi3.o)
 .text.libgcc.div
                0x00000000        0x0 c:/program files (x86)/atmel/studio/7.0/toolchain/avr8/avr8-gnu-toolchain/bin/../lib/gcc/avr/4.9.2/avr5\libgcc.a(_usmulhisi3.o)
 .text.libgcc   0x00000000        0x0 c:/program files (x86)/atmel/studio/7.0/toolchain/avr8/avr8-gnu-toolchain/bin/../lib/gcc/avr/4.9.2/avr5\libgcc.a(_usmulhisi3.o)
 .text.libgcc.prologue
                0x00000000        0x0 c:/program files (x86)/atmel/studio/7.0/toolchain/avr8/avr8-gnu-toolchain/bin/../lib/gcc/avr/4.9.2/avr5\libgcc.a(_usmulhisi3.o)
 .text.libgcc.builtins
                0x00000000        0x0 c:/program files (x86)/atmel/studio/7.0/toolchain/avr8/avr8-gnu-toolchain/bin/../lib/gcc/avr/4.9.2/avr5\libgcc.a(_usmulhisi3.o)
 .text.libgcc.fmul
                0x00000000        0x0 c:/program files (x86)/atmel/studio/7.0/toolchain/avr8/avr8-gnu-toolchain/bin/../lib/gcc/avr/4.9.2/avr5\libgcc.a(_usmulhisi3.o)
 .text.libgcc.fixed
                0x00000000        0x0 c:/program files (x86)/atmel/studio/7.0/toolchain/avr8/avr8-gnu-toolchain/bin/../lib/gcc/avr/4.9.2/avr5\libgcc.a(_usmulhisi3.o)
 .text          0x00000000        0x0 c:/program files (x86)/atmel/studio/7.0/toolchain/avr8/avr8-gnu-toolchain/bin/../lib/gcc/avr/4.9.2/../../../../avr/lib/avr5\libc.a(iob.o)
 .data          0x00000000        0x0 c:/program files (x86)/atmel/studio/7.0/toolchain/avr8/avr8-gnu-toolchain/bin/../lib/gcc/avr/4.9.2/../../../../avr/lib/avr5\libc.a(iob.o)
 .bss           0x00000000        0x0 c:/program files (x86)/atmel/studio/7.0/toolchain/avr8/avr8-gnu-toolchain/bin/../lib/gcc/avr/4.9.2/../../../../avr/lib/avr5\libc.a(iob.o)
 .text          0x00000000        0x0 C:/Program Files (x86)/Atmel/Studio/7.0/Packs/atmel/ATmega_DFP/1.0.106/gcc/dev/atmega32m1/avr5\libatmega32m1.a(eerd_block.o)
 .data          0x00000000        0x0 C:/Program Files (x86)/Atmel/Studio/7.0/Packs/atmel/ATmega_DFP/1.0.106/gcc/dev/atmega32m1/avr5\libatmega32m1.a(eerd_block.o)
 .bss           0x00000000        0x0 C:/Program Files (x86)/Atmel/Studio/7.0/Packs/atmel/ATmega_DFP/1.0.106/gcc/dev/atmega32m1/avr5\libatmega32m1.a(eerd_block.o)
 .text          0x00000000        0x0 C:/Program Files (x86)/Atmel/Studio/7.0/Packs/atmel/ATmega_DFP/1.0.106/gcc/dev/atmega32m1/avr5\libatmega32m1.a(eewr_block.o)
 .data          0x00000000        0x0 C:/Program Files (x86)/Atmel/Studio/7.0/Packs/atmel/ATmega_DFP/1.0.106/gcc/dev/atmega32m1/avr5\libatmega32m1.a(eewr_block.o)
 .bss           0x00000000        0x0 C:/Program Files (x86)/Atmel/Studio/7.0/Packs/atmel/ATmega_DFP/1.0.106/gcc/dev/atmega32m1/avr5\libatmega32m1.a(eewr_block.o)
 .text          0x00000000        0x0 C:/Program Files (x86)/Atmel/Studio/7.0/Packs/atmel/ATmega_DFP/1.0.106/gcc/dev/atmega32m1/avr5\libatmega32m1.a(eewr_byte.o)
 .data          0x00000000        0x0 C:/Program Files (x86)/Atmel/Studio/7.0/Packs/atmel/ATmega_DFP/1.0.106/gcc/dev/atmega32m1/avr5\libatmega32m1.a(eewr_byte.o)
 .bss           0x00000000        0x0 C:/Program Files (x86)/Atmel/Studio/7.0/Packs/atmel/ATmega_DFP/1.0.106/gcc/dev/atmega32m1/avr5\libatmega32m1.a(eewr_byte.o)

Memory Configuration

Name             Origin             Length             Attributes
text             0x00000000         0x00020000         xr
data             0x00800060         0x0000ffa0         rw !x
eeprom           0x00810000         0x00010000         rw !x
fuse             0x00820000         0x00000400         rw !x
lock             0x00830000         0x00000400         rw !x
signature        0x00840000         0x00000400         rw !x
user_signatures  0x00850000         0x00000400         rw !x
*default*        0x00000000         0xffffffff

Linker script and memory map

Address of section .data set to 0x800100
LOAD C:/Program Files (x86)/Atmel/Studio/7.0/Packs/atmel/ATmega_DFP/1.0.106/gcc/dev/atmega32m1/avr5/crtatmega32m1.o
LOAD src/ds18b20.o
LOAD src/onewire.o
LOAD src/timer.o
LOAD src/uart.o
LOAD src/ADC.o
LOAD src/ASF/common/boards/user_board/init.o
LOAD src/CAN.o
LOAD src/EEPROM.o
LOAD src/main.o
START GROUP
LOAD c:/program files (x86)/atmel/studio/7.0/toolchain/avr8/avr8-gnu-toolchain/bin/../lib/gcc/avr/4.9.2/../../../../avr/lib/avr5\libm.a
END GROUP
START GROUP
LOAD c:/program files (x86)/atmel/studio/7.0/toolchain/avr8/avr8-gnu-toolchain/bin/../lib/gcc/avr/4.9.2/avr5\libgcc.a
LOAD c:/program files (x86)/atmel/studio/7.0/toolchain/avr8/avr8-gnu-toolchain/bin/../lib/gcc/avr/4.9.2/../../../../avr/lib/avr5\libm.a
LOAD c:/program files (x86)/atmel/studio/7.0/toolchain/avr8/avr8-gnu-toolchain/bin/../lib/gcc/avr/4.9.2/../../../../avr/lib/avr5\libc.a
LOAD C:/Program Files (x86)/Atmel/Studio/7.0/Packs/atmel/ATmega_DFP/1.0.106/gcc/dev/atmega32m1/avr5\libatmega32m1.a
END GROUP
                0x00020000                __TEXT_REGION_LENGTH__ = DEFINED (__TEXT_REGION_LENGTH__)?__TEXT_REGION_LENGTH__:0x20000
                0x0000ffa0                __DATA_REGION_LENGTH__ = DEFINED (__DATA_REGION_LENGTH__)?__DATA_REGION_LENGTH__:0xffa0
                0x00010000                __EEPROM_REGION_LENGTH__ = DEFINED (__EEPROM_REGION_LENGTH__)?__EEPROM_REGION_LENGTH__:0x10000
                0x00000400                __FUSE_REGION_LENGTH__ = DEFINED (__FUSE_REGION_LENGTH__)?__FUSE_REGION_LENGTH__:0x400
                0x00000400                __LOCK_REGION_LENGTH__ = DEFINED (__LOCK_REGION_LENGTH__)?__LOCK_REGION_LENGTH__:0x400
                0x00000400                __SIGNATURE_REGION_LENGTH__ = DEFINED (__SIGNATURE_REGION_LENGTH__)?__SIGNATURE_REGION_LENGTH__:0x400
                0x00000400                __USER_SIGNATURE_REGION_LENGTH__ = DEFINED (__USER_SIGNATURE_REGION_LENGTH__)?__USER_SIGNATURE_REGION_LENGTH__:0x400

.hash
 *(.hash)

.dynsym
 *(.dynsym)

.dynstr
 *(.dynstr)

.gnu.version
 *(.gnu.version)

.gnu.version_d
 *(.gnu.version_d)

.gnu.version_r
 *(.gnu.version_r)

.rel.init
 *(.rel.init)

.rela.init
 *(.rela.init)

.rel.text
 *(.rel.text)
 *(.rel.text.*)
 *(.rel.gnu.linkonce.t*)

.rela.text
 *(.rela.text)
 *(.rela.text.*)
 *(.rela.gnu.linkonce.t*)

.rel.fini
 *(.rel.fini)

.rela.fini
 *(.rela.fini)

.rel.rodata
 *(.rel.rodata)
 *(.rel.rodata.*)
 *(.rel.gnu.linkonce.r*)

.rela.rodata
 *(.rela.rodata)
 *(.rela.rodata.*)
 *(.rela.gnu.linkonce.r*)

.rel.data
 *(.rel.data)
 *(.rel.data.*)
 *(.rel.gnu.linkonce.d*)

.rela.data
 *(.rela.data)
 *(.rela.data.*)
 *(.rela.gnu.linkonce.d*)

.rel.ctors
 *(.rel.ctors)

.rela.ctors
 *(.rela.ctors)

.rel.dtors
 *(.rel.dtors)

.rela.dtors
 *(.rela.dtors)

.rel.got
 *(.rel.got)

.rela.got
 *(.rela.got)

.rel.bss
 *(.rel.bss)

.rela.bss
 *(.rela.bss)

.rel.plt
 *(.rel.plt)

.rela.plt
 *(.rela.plt)

.text           0x00000000     0x1bb8
 *(.vectors)
 .vectors       0x00000000       0x7c C:/Program Files (x86)/Atmel/Studio/7.0/Packs/atmel/ATmega_DFP/1.0.106/gcc/dev/atmega32m1/avr5/crtatmega32m1.o
                0x00000000                __vector_default
                0x00000000                __vectors
 *(.vectors)
 *(.progmem.gcc*)
                0x0000007c                . = ALIGN (0x2)
                0x0000007c                __trampolines_start = .
 *(.trampolines)
 .trampolines   0x0000007c        0x0 linker stubs
 *(.trampolines*)
                0x0000007c                __trampolines_end = .
 *libprintf_flt.a:*(.progmem.data)
 *libc.a:*(.progmem.data)
 *(.progmem*)
 .progmem.data.__c.2067
                0x0000007c       0x15 src/EEPROM.o
 .progmem.data.__c.2062
                0x00000091       0x26 src/EEPROM.o
 .progmem.data.__c.2060
                0x000000b7       0x11 src/EEPROM.o
 .progmem.data.__c.2043
                0x000000c8       0x14 src/EEPROM.o
 .progmem.data.__c.2038
                0x000000dc       0x25 src/EEPROM.o
 .progmem.data.__c.2036
                0x00000101       0x10 src/EEPROM.o
                0x00000112                . = ALIGN (0x2)
 *fill*         0x00000111        0x1 
 *(.jumptables)
 *(.jumptables*)
 *(.lowtext)
 *(.lowtext*)
                0x00000112                __ctors_start = .
 *(.ctors)
                0x00000112                __ctors_end = .
                0x00000112                __dtors_start = .
 *(.dtors)
                0x00000112                __dtors_end = .
 SORT(*)(.ctors)
 SORT(*)(.dtors)
 *(.init0)
 .init0         0x00000112        0x0 C:/Program Files (x86)/Atmel/Studio/7.0/Packs/atmel/ATmega_DFP/1.0.106/gcc/dev/atmega32m1/avr5/crtatmega32m1.o
                0x00000112                __init
 *(.init0)
 *(.init1)
 *(.init1)
 *(.init2)
 .init2         0x00000112        0xc C:/Program Files (x86)/Atmel/Studio/7.0/Packs/atmel/ATmega_DFP/1.0.106/gcc/dev/atmega32m1/avr5/crtatmega32m1.o
 *(.init2)
 *(.init3)
 *(.init3)
 *(.init4)
 .init4         0x0000011e       0x16 c:/program files (x86)/atmel/studio/7.0/toolchain/avr8/avr8-gnu-toolchain/bin/../lib/gcc/avr/4.9.2/avr5\libgcc.a(_copy_data.o)
                0x0000011e                __do_copy_data
 .init4         0x00000134       0x10 c:/program files (x86)/atmel/studio/7.0/toolchain/avr8/avr8-gnu-toolchain/bin/../lib/gcc/avr/4.9.2/avr5\libgcc.a(_clear_bss.o)
                0x00000134                __do_clear_bss
 *(.init4)
 *(.init5)
 *(.init5)
 *(.init6)
 *(.init6)
 *(.init7)
 *(.init7)
 *(.init8)
 *(.init8)
 *(.init9)
 .init9         0x00000144        0x8 C:/Program Files (x86)/Atmel/Studio/7.0/Packs/atmel/ATmega_DFP/1.0.106/gcc/dev/atmega32m1/avr5/crtatmega32m1.o
 *(.init9)
 *(.text)
 .text          0x0000014c        0x2 C:/Program Files (x86)/Atmel/Studio/7.0/Packs/atmel/ATmega_DFP/1.0.106/gcc/dev/atmega32m1/avr5/crtatmega32m1.o
                0x0000014c                __vector_28
                0x0000014c                __vector_1
                0x0000014c                __vector_24
                0x0000014c                __bad_interrupt
                0x0000014c                __vector_6
                0x0000014c                __vector_3
                0x0000014c                __vector_30
                0x0000014c                __vector_25
                0x0000014c                __vector_11
                0x0000014c                __vector_17
                0x0000014c                __vector_19
                0x0000014c                __vector_7
                0x0000014c                __vector_5
                0x0000014c                __vector_4
                0x0000014c                __vector_9
                0x0000014c                __vector_2
                0x0000014c                __vector_21
                0x0000014c                __vector_29
                0x0000014c                __vector_8
                0x0000014c                __vector_26
                0x0000014c                __vector_10
                0x0000014c                __vector_16
                0x0000014e                . = ALIGN (0x2)
 *(.text.*)
 .text.ds18b20crc8
                0x0000014e       0x3c src/ds18b20.o
 .text.ds18b20match
                0x0000018a       0x68 src/ds18b20.o
 .text.ds18b20_init
                0x000001f2       0x70 src/ds18b20.o
                0x000001f2                ds18b20_init
 .text.ds18b20convert
                0x00000262       0x4c src/ds18b20.o
                0x00000262                ds18b20convert
 .text.ds18b20rsp
                0x000002ae       0xae src/ds18b20.o
                0x000002ae                ds18b20rsp
 .text.ds18b20read
                0x0000035c       0x6a src/ds18b20.o
                0x0000035c                ds18b20read
 .text.ds18b20_task
                0x000003c6      0x20e src/ds18b20.o
                0x000003c6                ds18b20_task
 .text.onewireInit
                0x000005d4       0x78 src/onewire.o
                0x000005d4                onewireInit
 .text.onewireWrite
                0x0000064c       0x78 src/onewire.o
                0x0000064c                onewireWrite
 .text.onewireRead
                0x000006c4       0xa2 src/onewire.o
                0x000006c4                onewireRead
 .text.timer_init
                0x00000766       0x26 src/timer.o
                0x00000766                timer_init
 .text.timer_get
                0x0000078c        0xa src/timer.o
                0x0000078c                timer_get
 .text.timer_time_elapsed
                0x00000796       0x22 src/timer.o
                0x00000796                timer_time_elapsed
 .text.timer_time_elapsed_us
                0x000007b8       0x22 src/timer.o
                0x000007b8                timer_time_elapsed_us
 .text.timer_new_tick
                0x000007da       0x26 src/timer.o
                0x000007da                timer_new_tick
 .text.__vector_15
                0x00000800       0x2e src/timer.o
                0x00000800                __vector_15
 .text.__vector_14
                0x0000082e       0x14 src/timer.o
                0x0000082e                __vector_14
 .text.__vector_12
                0x00000842       0x14 src/timer.o
                0x00000842                __vector_12
 .text.__vector_13
                0x00000856       0x14 src/timer.o
                0x00000856                __vector_13
 .text.__vector_20
                0x0000086a       0xa2 src/uart.o
                0x0000086a                __vector_20
 .text.uart_init
                0x0000090c       0x6a src/uart.o
                0x0000090c                uart_init
 .text.uart_getc_s
                0x00000976       0x3c src/uart.o
                0x00000976                uart_getc_s
 .text.uart_putc
                0x000009b2       0x4c src/uart.o
                0x000009b2                uart_putc
 .text.uart_putc_s
                0x000009fe       0x4c src/uart.o
                0x000009fe                uart_putc_s
 .text.uart_puts_p
                0x00000a4a       0x22 src/uart.o
                0x00000a4a                uart_puts_p
 .text.ADC_switch
                0x00000a6c       0x10 src/ADC.o
                0x00000a6c                ADC_switch
 .text.ADC_init
                0x00000a7c       0xe0 src/ADC.o
                0x00000a7c                ADC_init
 .text.ADC_start_conversion
                0x00000b5c        0xc src/ADC.o
                0x00000b5c                ADC_start_conversion
 .text.ADC_task
                0x00000b68      0x13a src/ADC.o
                0x00000b68                ADC_task
 .text.__vector_27
                0x00000ca2      0x160 src/ADC.o
                0x00000ca2                __vector_27
 .text.CAN_init
                0x00000e02      0x332 src/CAN.o
                0x00000e02                CAN_init
 .text.__vector_18
                0x00001134      0x138 src/CAN.o
                0x00001134                __vector_18
 .text.CAN_send_SDO
                0x0000126c       0x34 src/CAN.o
                0x0000126c                CAN_send_SDO
 .text.CAN_task
                0x000012a0      0x548 src/CAN.o
                0x000012a0                CAN_task
 .text.eeprom_read
                0x000017e8       0x94 src/EEPROM.o
                0x000017e8                eeprom_read
 .text.eeprom_write
                0x0000187c       0x8e src/EEPROM.o
                0x0000187c                eeprom_write
 .text.eeprom_restore_defaults
                0x0000190a       0x2a src/EEPROM.o
                0x0000190a                eeprom_restore_defaults
 .text.main_loop
                0x00001934       0x82 src/main.o
                0x00001934                main_loop
 .text.HAL_init
                0x000019b6       0x34 src/main.o
                0x000019b6                HAL_init
 .text.Get_DIP_sw_word
                0x000019ea       0x28 src/main.o
                0x000019ea                Get_DIP_sw_word
 .text.main     0x00001a12       0x86 src/main.o
                0x00001a12                main
 .text.__vector_22
                0x00001a98       0x14 src/main.o
                0x00001a98                __vector_22
 .text.__vector_23
                0x00001aac       0x14 src/main.o
                0x00001aac                __vector_23
 .text.libgcc.div
                0x00001ac0       0x44 c:/program files (x86)/atmel/studio/7.0/toolchain/avr8/avr8-gnu-toolchain/bin/../lib/gcc/avr/4.9.2/avr5\libgcc.a(_udivmodsi4.o)
                0x00001ac0                __udivmodsi4
 .text.libgcc.div
                0x00001b04       0x28 c:/program files (x86)/atmel/studio/7.0/toolchain/avr8/avr8-gnu-toolchain/bin/../lib/gcc/avr/4.9.2/avr5\libgcc.a(_divmodsi4.o)
                0x00001b04                __divmodsi4
 .text.libgcc.div
                0x00001b2c       0x10 c:/program files (x86)/atmel/studio/7.0/toolchain/avr8/avr8-gnu-toolchain/bin/../lib/gcc/avr/4.9.2/avr5\libgcc.a(_negsi2.o)
                0x00001b2c                __negsi2
 .text.libgcc.mul
                0x00001b3c       0x1e c:/program files (x86)/atmel/studio/7.0/toolchain/avr8/avr8-gnu-toolchain/bin/../lib/gcc/avr/4.9.2/avr5\libgcc.a(_umulhisi3.o)
                0x00001b3c                __umulhisi3
 .text.libgcc.mul
                0x00001b5a        0xc c:/program files (x86)/atmel/studio/7.0/toolchain/avr8/avr8-gnu-toolchain/bin/../lib/gcc/avr/4.9.2/avr5\libgcc.a(_usmulhisi3.o)
                0x00001b5a                __usmulhisi3
                0x00001b5c                __usmulhisi3_tail
 .text.avr-libc
                0x00001b66       0x20 C:/Program Files (x86)/Atmel/Studio/7.0/Packs/atmel/ATmega_DFP/1.0.106/gcc/dev/atmega32m1/avr5\libatmega32m1.a(eerd_block.o)
                0x00001b66                eeprom_read_block
                0x00001b6a                eeprom_read_blraw
 .text.avr-libc
                0x00001b86       0x12 C:/Program Files (x86)/Atmel/Studio/7.0/Packs/atmel/ATmega_DFP/1.0.106/gcc/dev/atmega32m1/avr5\libatmega32m1.a(eewr_block.o)
                0x00001b86                eeprom_write_block
 .text.avr-libc
                0x00001b98       0x1c C:/Program Files (x86)/Atmel/Studio/7.0/Packs/atmel/ATmega_DFP/1.0.106/gcc/dev/atmega32m1/avr5\libatmega32m1.a(eewr_byte.o)
                0x00001b98                eeprom_write_byte
                0x00001b9a                eeprom_write_r18
                0x00001bb4                . = ALIGN (0x2)
 *(.fini9)
 .fini9         0x00001bb4        0x0 c:/program files (x86)/atmel/studio/7.0/toolchain/avr8/avr8-gnu-toolchain/bin/../lib/gcc/avr/4.9.2/avr5\libgcc.a(_exit.o)
                0x00001bb4                _exit
                0x00001bb4                exit
 *(.fini9)
 *(.fini8)
 *(.fini8)
 *(.fini7)
 *(.fini7)
 *(.fini6)
 *(.fini6)
 *(.fini5)
 *(.fini5)
 *(.fini4)
 *(.fini4)
 *(.fini3)
 *(.fini3)
 *(.fini2)
 *(.fini2)
 *(.fini1)
 *(.fini1)
 *(.fini0)
 .fini0         0x00001bb4        0x4 c:/program files (x86)/atmel/studio/7.0/toolchain/avr8/avr8-gnu-toolchain/bin/../lib/gcc/avr/4.9.2/avr5\libgcc.a(_exit.o)
 *(.fini0)
                0x00001bb8                _etext = .

.data           0x00800100       0x20 load address 0x00001bb8
                0x00800100                PROVIDE (__data_start, .)
 *(.data)
 *(.data*)
 .data.state.1587
                0x00800100        0x1 src/ADC.o
 .data.mob.2065
                0x00800101        0x1 src/CAN.o
 .data.frame.2064
                0x00800102        0x1 src/CAN.o
 .data.uart_input
                0x00800103        0xe src/main.o
                0x00800103                uart_input
 .data.uart_output
                0x00800111        0xe src/main.o
                0x00800111                uart_output
 *(.rodata)
 *(.rodata*)
 *(.gnu.linkonce.d*)
                0x00800120                . = ALIGN (0x2)
 *fill*         0x0080011f        0x1 
                0x00800120                _edata = .
                0x00800120                PROVIDE (__data_end, .)

.bss            0x00800120      0x228
                0x00800120                PROVIDE (__bss_start, .)
 *(.bss)
 *(.bss*)
 .bss.time_stamp.1525
                0x00800120        0x2 src/timer.o
 .bss.timer     0x00800122        0x2 src/timer.o
 .bss.UART_LastRxError
                0x00800124        0x1 src/uart.o
 .bss.UART_RxTail
                0x00800125        0x1 src/uart.o
 .bss.UART_RxHead
                0x00800126        0x1 src/uart.o
 .bss.UART_TxTail
                0x00800127        0x1 src/uart.o
 .bss.UART_TxHead
                0x00800128        0x1 src/uart.o
 .bss.UART_RxBuf
                0x00800129       0x20 src/uart.o
 .bss.UART_TxBuf
                0x00800149       0x80 src/uart.o
 .bss.int_counter
                0x008001c9        0x2 src/CAN.o
                0x008001c9                int_counter
 .bss.channel_config
                0x008001cb        0x1 src/main.o
                0x008001cb                channel_config
 .bss.DIP_sw_word
                0x008001cc        0x1 src/main.o
                0x008001cc                DIP_sw_word
 .bss.time_stamp
                0x008001cd        0x2 src/main.o
                0x008001cd                time_stamp
 .bss.life_timer
                0x008001cf        0x2 src/main.o
                0x008001cf                life_timer
 *(COMMON)
 COMMON         0x008001d1       0x18 src/ds18b20.o
                0x008001d1                temp_state
                0x008001d9                temp_results
 COMMON         0x008001e9       0xe7 src/ADC.o
                0x008001e9                channel_idx_to_num
                0x008001ef                adc_results
                0x00800207                adc_state
 COMMON         0x008002d0       0x40 src/CAN.o
                0x008002d0                can_state
                0x008002d1                device_id
                0x008002d2                CAN
                0x008002e0                MOb_data
 COMMON         0x00800310       0x32 src/EEPROM.o
                0x00800310                non_volatile_data
 COMMON         0x00800342        0x6 c:/program files (x86)/atmel/studio/7.0/toolchain/avr8/avr8-gnu-toolchain/bin/../lib/gcc/avr/4.9.2/../../../../avr/lib/avr5\libc.a(iob.o)
                0x00800342                __iob
                0x00800348                PROVIDE (__bss_end, .)
                0x00001bb8                __data_load_start = LOADADDR (.data)
                0x00001bd8                __data_load_end = (__data_load_start + SIZEOF (.data))

.noinit         0x00800348        0x0
                [!provide]                PROVIDE (__noinit_start, .)
 *(.noinit*)
                [!provide]                PROVIDE (__noinit_end, .)
                0x00800348                _end = .
                [!provide]                PROVIDE (__heap_start, .)

.eeprom         0x00810000       0x32
 *(.eeprom*)
 .eeprom        0x00810000       0x32 src/EEPROM.o
                0x00810000                eeprom_data
                0x00810032                __eeprom_end = .

.fuse
 *(.fuse)
 *(.lfuse)
 *(.hfuse)
 *(.efuse)

.lock
 *(.lock*)

.signature
 *(.signature*)

.user_signatures
 *(.user_signatures*)

.stab
 *(.stab)

.stabstr
 *(.stabstr)

.stab.excl
 *(.stab.excl)

.stab.exclstr
 *(.stab.exclstr)

.stab.index
 *(.stab.index)

.stab.indexstr
 *(.stab.indexstr)

.comment        0x00000000       0x30
 *(.comment)
 .comment       0x00000000       0x30 src/ds18b20.o
                                 0x31 (size before relaxing)
 .comment       0x00000030       0x31 src/onewire.o
 .comment       0x00000030       0x31 src/timer.o
 .comment       0x00000030       0x31 src/uart.o
 .comment       0x00000030       0x31 src/ADC.o
 .comment       0x00000030       0x31 src/CAN.o
 .comment       0x00000030       0x31 src/EEPROM.o
 .comment       0x00000030       0x31 src/main.o
 .comment       0x00000030       0x31 c:/program files (x86)/atmel/studio/7.0/toolchain/avr8/avr8-gnu-toolchain/bin/../lib/gcc/avr/4.9.2/../../../../avr/lib/avr5\libc.a(iob.o)

.note.gnu.avr.deviceinfo
                0x00000000       0x40
 .note.gnu.avr.deviceinfo
                0x00000000       0x40 C:/Program Files (x86)/Atmel/Studio/7.0/Packs/atmel/ATmega_DFP/1.0.106/gcc/dev/atmega32m1/avr5/crtatmega32m1.o

.note.gnu.build-id
 *(.note.gnu.build-id)

.debug
 *(.debug)

.line
 *(.line)

.debug_srcinfo
 *(.debug_srcinfo)

.debug_sfnames
 *(.debug_sfnames)

.debug_aranges  0x00000000      0x260
 *(.debug_aranges)
 .debug_aranges
                0x00000000       0x68 src/ds18b20.o
 .debug_aranges
                0x00000068       0x30 src/onewire.o
 .debug_aranges
                0x00000098       0x70 src/timer.o
 .debug_aranges
                0x00000108       0x58 src/uart.o
 .debug_aranges
                0x00000160       0x40 src/ADC.o
 .debug_aranges
                0x000001a0       0x38 src/CAN.o
 .debug_aranges
                0x000001d8       0x30 src/EEPROM.o
 .debug_aranges
                0x00000208       0x58 src/main.o

.debug_pubnames
 *(.debug_pubnames)

.debug_info     0x00000000     0x2fe8
 *(.debug_info .gnu.linkonce.wi.*)
 .debug_info    0x00000000      0xea2 src/ds18b20.o
 .debug_info    0x00000ea2      0x4aa src/onewire.o
 .debug_info    0x0000134c      0x27c src/timer.o
 .debug_info    0x000015c8      0x494 src/uart.o
 .debug_info    0x00001a5c      0x340 src/ADC.o
 .debug_info    0x00001d9c      0x55f src/CAN.o
 .debug_info    0x000022fb      0x638 src/EEPROM.o
 .debug_info    0x00002933      0x6b5 src/main.o

.debug_abbrev   0x00000000      0xd3e
 *(.debug_abbrev)
 .debug_abbrev  0x00000000      0x218 src/ds18b20.o
 .debug_abbrev  0x00000218      0x182 src/onewire.o
 .debug_abbrev  0x0000039a       0xf7 src/timer.o
 .debug_abbrev  0x00000491      0x194 src/uart.o
 .debug_abbrev  0x00000625      0x131 src/ADC.o
 .debug_abbrev  0x00000756      0x1af src/CAN.o
 .debug_abbrev  0x00000905      0x215 src/EEPROM.o
 .debug_abbrev  0x00000b1a      0x224 src/main.o

.debug_line     0x00000000     0x2c1e
 *(.debug_line .debug_line.* .debug_line_end)
 .debug_line    0x00000000      0x6ef src/ds18b20.o
 .debug_line    0x000006ef      0x48f src/onewire.o
 .debug_line    0x00000b7e      0x432 src/timer.o
 .debug_line    0x00000fb0      0x4b2 src/uart.o
 .debug_line    0x00001462      0x4a5 src/ADC.o
 .debug_line    0x00001907      0x86e src/CAN.o
 .debug_line    0x00002175      0x4ab src/EEPROM.o
 .debug_line    0x00002620      0x5fe src/main.o

.debug_frame    0x00000000      0x7c0
 *(.debug_frame)
 .debug_frame   0x00000000      0x27c src/ds18b20.o
 .debug_frame   0x0000027c       0x94 src/onewire.o
 .debug_frame   0x00000310       0xfc src/timer.o
 .debug_frame   0x0000040c       0xd8 src/uart.o
 .debug_frame   0x000004e4       0xd0 src/ADC.o
 .debug_frame   0x000005b4       0xe4 src/CAN.o
 .debug_frame   0x00000698       0x64 src/EEPROM.o
 .debug_frame   0x000006fc       0xc4 src/main.o

.debug_str      0x00000000     0xc7f2
 *(.debug_str)
 .debug_str     0x00000000     0x9938 src/ds18b20.o
                               0x9a95 (size before relaxing)
 .debug_str     0x00009938      0x3d3 src/onewire.o
                               0x95a7 (size before relaxing)
 .debug_str     0x00009d0b      0x267 src/timer.o
                               0x950f (size before relaxing)
 .debug_str     0x00009f72     0x19ef src/uart.o
                               0xaca2 (size before relaxing)
 .debug_str     0x0000b961      0x2b4 src/ADC.o
                               0x9736 (size before relaxing)
 .debug_str     0x0000bc15      0x88d src/CAN.o
                               0xb902 (size before relaxing)
 .debug_str     0x0000c4a2      0x28f src/EEPROM.o
                               0xbb7e (size before relaxing)
 .debug_str     0x0000c731       0xc1 src/main.o
                               0xc35c (size before relaxing)

.debug_loc      0x00000000     0x244c
 *(.debug_loc)
 .debug_loc     0x00000000     0x1045 src/ds18b20.o
 .debug_loc     0x00001045      0x44f src/onewire.o
 .debug_loc     0x00001494      0x1c8 src/timer.o
 .debug_loc     0x0000165c      0x389 src/uart.o
 .debug_loc     0x000019e5      0x225 src/ADC.o
 .debug_loc     0x00001c0a      0x384 src/CAN.o
 .debug_loc     0x00001f8e      0x354 src/EEPROM.o
 .debug_loc     0x000022e2      0x16a src/main.o

.debug_macinfo
 *(.debug_macinfo)

.debug_weaknames
 *(.debug_weaknames)

.debug_funcnames
 *(.debug_funcnames)

.debug_typenames
 *(.debug_typenames)

.debug_varnames
 *(.debug_varnames)

.debug_pubtypes
 *(.debug_pubtypes)

.debug_ranges   0x00000000      0x1f8
 *(.debug_ranges)
 .debug_ranges  0x00000000       0x58 src/ds18b20.o
 .debug_ranges  0x00000058       0x20 src/onewire.o
 .debug_ranges  0x00000078       0x60 src/timer.o
 .debug_ranges  0x000000d8       0x60 src/uart.o
 .debug_ranges  0x00000138       0x30 src/ADC.o
 .debug_ranges  0x00000168       0x28 src/CAN.o
 .debug_ranges  0x00000190       0x20 src/EEPROM.o
 .debug_ranges  0x000001b0       0x48 src/main.o

.debug_macro    0x00000000     0x511f
 *(.debug_macro)
 .debug_macro   0x00000000       0xed src/ds18b20.o
 .debug_macro   0x000000ed      0xa54 src/ds18b20.o
 .debug_macro   0x00000b41       0x1c src/ds18b20.o
 .debug_macro   0x00000b5d      0x10e src/ds18b20.o
 .debug_macro   0x00000c6b       0x66 src/ds18b20.o
 .debug_macro   0x00000cd1       0x10 src/ds18b20.o
 .debug_macro   0x00000ce1      0x1c9 src/ds18b20.o
 .debug_macro   0x00000eaa      0x2fc src/ds18b20.o
 .debug_macro   0x000011a6       0x9e src/ds18b20.o
 .debug_macro   0x00001244     0x241d src/ds18b20.o
 .debug_macro   0x00003661      0x156 src/ds18b20.o
 .debug_macro   0x000037b7       0xbd src/ds18b20.o
 .debug_macro   0x00003874       0x34 src/ds18b20.o
 .debug_macro   0x000038a8       0x18 src/ds18b20.o
 .debug_macro   0x000038c0       0x6c src/ds18b20.o
 .debug_macro   0x0000392c       0x10 src/ds18b20.o
 .debug_macro   0x0000393c      0x160 src/ds18b20.o
 .debug_macro   0x00003a9c       0x16 src/ds18b20.o
 .debug_macro   0x00003ab2       0xac src/ds18b20.o
 .debug_macro   0x00003b5e      0x17e src/ds18b20.o
 .debug_macro   0x00003cdc       0xd0 src/ds18b20.o
 .debug_macro   0x00003dac       0x28 src/ds18b20.o
 .debug_macro   0x00003dd4       0xc7 src/onewire.o
 .debug_macro   0x00003e9b       0x69 src/onewire.o
 .debug_macro   0x00003f04      0x166 src/onewire.o
 .debug_macro   0x0000406a       0xba src/timer.o
 .debug_macro   0x00004124       0x34 src/timer.o
 .debug_macro   0x00004158       0xca src/timer.o
 .debug_macro   0x00004222       0xfb src/uart.o
 .debug_macro   0x0000431d       0x10 src/uart.o
 .debug_macro   0x0000432d       0x89 src/uart.o
 .debug_macro   0x000043b6       0xee src/uart.o
 .debug_macro   0x000044a4       0x58 src/uart.o
 .debug_macro   0x000044fc       0x10 src/uart.o
 .debug_macro   0x0000450c       0x20 src/uart.o
 .debug_macro   0x0000452c       0xf2 src/uart.o
 .debug_macro   0x0000461e       0x4e src/uart.o
 .debug_macro   0x0000466c       0xd5 src/ADC.o
 .debug_macro   0x00004741       0x5e src/ADC.o
 .debug_macro   0x0000479f       0x16 src/ADC.o
 .debug_macro   0x000047b5       0x10 src/ADC.o
 .debug_macro   0x000047c5      0x130 src/CAN.o
 .debug_macro   0x000048f5       0x97 src/CAN.o
 .debug_macro   0x0000498c       0xd0 src/CAN.o
 .debug_macro   0x00004a5c       0x12 src/CAN.o
 .debug_macro   0x00004a6e       0x48 src/CAN.o
 .debug_macro   0x00004ab6      0x149 src/EEPROM.o
 .debug_macro   0x00004bff       0x39 src/EEPROM.o
 .debug_macro   0x00004c38       0x2e src/EEPROM.o
 .debug_macro   0x00004c66       0xe8 src/EEPROM.o
 .debug_macro   0x00004d4e      0x17c src/main.o
 .debug_macro   0x00004eca       0x97 src/main.o
 .debug_macro   0x00004f61       0x5a src/main.o
 .debug_macro   0x00004fbb       0x7f src/main.o
 .debug_macro   0x0000503a       0x33 src/main.o
 .debug_macro   0x0000506d       0xb2 src/main.o
OUTPUT(Uni-module.elf elf32-avr)
LOAD linker stubs
